// Jest Snapshot v1, https://goo.gl/fbAQLP

exports[`Pruebas en <FirstApp /> Debe hacer match con el Snapshot 1`] = `
<div>
  <h1
    data-testid="test-title"
  >
     
    Título de prueba
     
  </h1>
  <p>
     
    No hay subtítulo
     
  </p>
  <p>
     
    No hay subtítulo
     
  </p>
  <p>
     
    Laura Mamián
     
  </p>
</div>
`;
